<html>
<body>
<pre>
<h1>µVision Build Log</h1>
<h2>Tool Versions:</h2>
IDE-Version: µVision V5.29.0.0
Copyright (C) 2019 ARM Ltd and ARM Germany GmbH. All rights reserved.
License Information: Daniel Spysky, Hewlett-Packard Company, LIC=----
 
Tool Versions:
Toolchain:       MDK-Lite  Version: 5.29.0.0
Toolchain Path:  C:\Keil_v5\ARM\ARMCC\Bin
C Compiler:      Armcc.exe V5.06 update 6 (build 750)
Assembler:       Armasm.exe V5.06 update 6 (build 750)
Linker/Locator:  ArmLink.exe V5.06 update 6 (build 750)
Library Manager: ArmAr.exe V5.06 update 6 (build 750)
Hex Converter:   FromElf.exe V5.06 update 6 (build 750)
CPU DLL:         SARMCM3.DLL V5.29.0.0
Dialog DLL:      DCM.DLL V1.17.3.0
Target DLL:      STLink\ST-LINKIII-KEIL_SWO.dll V3.0.7.0
Dialog DLL:      TCM.DLL V1.36.5.0
 
<h2>Project:</h2>
C:\Users\User\Desktop\University\shana b\networks\projects\lab3\MDK-ARM\lab3.uvprojx
Project File Date:  04/20/2020

<h2>Output:</h2>
*** Using Compiler 'V5.06 update 6 (build 750)', folder: 'C:\Keil_v5\ARM\ARMCC\Bin'
Build target 'lab3'
compiling stm32f1xx_it.c...
../Src/stm32f1xx_it.c(259): warning:  #177-D: variable "throws_counter"  was declared but never referenced
  	static uint32_t throws_counter = 0; //counts the number of samples we threw because an unfamiliar pattern
../Src/stm32f1xx_it.c(52): warning:  #550-D: variable "sample1"  was set but never used
  static uint32_t sample1 = IDLE;
../Src/stm32f1xx_it.c(53): warning:  #550-D: variable "sample2"  was set but never used
  static uint32_t sample2 = IDLE;
../Src/stm32f1xx_it.c(54): warning:  #550-D: variable "sample3"  was set but never used
  static uint32_t sample3 = IDLE;
../Src/stm32f1xx_it.c(55): warning:  #550-D: variable "sample4"  was set but never used
  static uint32_t sample4 = IDLE;
../Src/stm32f1xx_it.c(56): warning:  #550-D: variable "sample5"  was set but never used
  static uint32_t sample5 = IDLE;
../Src/stm32f1xx_it.c(57): warning:  #550-D: variable "sampled"  was set but never used
  static uint8_t sampled = 0;
../Src/stm32f1xx_it.c(58): warning:  #550-D: variable "bit"  was set but never used
  static uint32_t bit = 0;
../Src/stm32f1xx_it.c: 8 warnings, 0 errors
linking...
Program Size: Code=7220 RO-data=292 RW-data=156 ZI-data=1268  
FromELF: creating hex file...
"lab3\lab3.axf" - 0 Error(s), 8 Warning(s).

<h2>Software Packages used:</h2>

Package Vendor: ARM
                http://www.keil.com/pack/ARM.CMSIS.5.6.0.pack
                ARM.CMSIS.5.6.0
                CMSIS (Cortex Microcontroller Software Interface Standard)
   * Component: CORE Version: 5.3.0

Package Vendor: Keil
                http://www.keil.com/pack/Keil.STM32F1xx_DFP.2.2.0.pack
                Keil.STM32F1xx_DFP.2.2.0
                STMicroelectronics STM32F1 Series Device Support, Drivers and Examples

<h2>Collection of Component include folders:</h2>
  .\RTE\_lab3
  C:\Users\User\AppData\Local\Arm\Packs\ARM\CMSIS\5.6.0\CMSIS\Core\Include
  C:\Users\User\AppData\Local\Arm\Packs\Keil\STM32F1xx_DFP\2.2.0\Device\Include

<h2>Collection of Component Files used:</h2>

   * Component: ARM::CMSIS:CORE:5.3.0
Build Time Elapsed:  00:00:02
</pre>
</body>
</html>
