<html>
<body>
<pre>
<h1>µVision Build Log</h1>
<h2>Tool Versions:</h2>
IDE-Version: µVision V5.29.0.0
Copyright (C) 2019 ARM Ltd and ARM Germany GmbH. All rights reserved.
License Information: Daniel Spysky, Hewlett-Packard Company, LIC=----
 
Tool Versions:
Toolchain:       MDK-Lite  Version: 5.29.0.0
Toolchain Path:  C:\Keil_v5\ARM\ARMCC\Bin
C Compiler:      Armcc.exe V5.06 update 6 (build 750)
Assembler:       Armasm.exe V5.06 update 6 (build 750)
Linker/Locator:  ArmLink.exe V5.06 update 6 (build 750)
Library Manager: ArmAr.exe V5.06 update 6 (build 750)
Hex Converter:   FromElf.exe V5.06 update 6 (build 750)
CPU DLL:         SARMCM3.DLL V5.29.0.0
Dialog DLL:      DCM.DLL V1.17.3.0
Target DLL:      STLink\ST-LINKIII-KEIL_SWO.dll V3.0.7.0
Dialog DLL:      TCM.DLL V1.36.5.0
 
<h2>Project:</h2>
C:\Users\User\Desktop\University\shana b\networks\projects\lab3\MDK-ARM\lab3.uvprojx
Project File Date:  04/25/2020

<h2>Output:</h2>
*** Using Compiler 'V5.06 update 6 (build 750)', folder: 'C:\Keil_v5\ARM\ARMCC\Bin'
Build target 'lab3'
assembling startup_stm32f103xb.s...
compiling stm32f1xx_it.c...
../Src/stm32f1xx_it.c(253): warning:  #177-D: variable "received_bit"  was declared but never referenced
  	static uint8_t received_bit = 0;
../Src/stm32f1xx_it.c(254): warning:  #177-D: variable "rx_state"  was declared but never referenced
  	static uint32_t rx_state = 0;
../Src/stm32f1xx_it.c(256): warning:  #177-D: variable "prev_sample"  was declared but never referenced
  	static uint32_t prev_sample = 0;
../Src/stm32f1xx_it.c: 3 warnings, 0 errors
compiling main.c...
../Src/main.c(140): warning:  #177-D: variable "next_state"  was declared but never referenced
  	uint8_t next_state;
../Src/main.c(144): warning:  #177-D: variable "data_to_send"  was declared but never referenced
  	static uint8_t data_to_send = 0;
../Src/main.c(222): warning:  #177-D: variable "x"  was declared but never referenced
  	uint32_t x = 5;
../Src/main.c(71): warning:  #550-D: variable "sample_clock"  was set but never used
  static uint32_t sample_clock = 0;
../Src/main.c(74): warning:  #550-D: variable "dll_to_phy_tx_bus_valid"  was set but never used
  static uint32_t dll_to_phy_tx_bus_valid = 0;
../Src/main.c(75): warning:  #550-D: variable "phy_to_dll_rx_bus_valid"  was set but never used
  static uint32_t phy_to_dll_rx_bus_valid = 0;
../Src/main.c(79): warning:  #177-D: variable "phy_tx_data_value"  was declared but never referenced
  static uint32_t phy_tx_data_value = 0;
../Src/main.c(80): warning:  #177-D: variable "phy_rx_data_value"  was declared but never referenced
  static uint32_t phy_rx_data_value = 0;
../Src/main.c(81): warning:  #550-D: variable "phy_rx_clock"  was set but never used
  static uint32_t phy_rx_clock = 0;
../Src/main.c(91): warning:  #550-D: variable "alive"  was set but never used
  static uint32_t alive = 0;
../Src/main.c(92): warning:  #550-D: variable "phy_busy"  was set but never used
  static uint32_t phy_busy = 0;
../Src/main.c(93): warning:  #177-D: variable "rx_counter"  was declared but never referenced
  static uint32_t rx_counter = 0;
../Src/main.c: 12 warnings, 0 errors
compiling stm32f1xx_hal_msp.c...
compiling stm32f1xx_hal_gpio_ex.c...
compiling stm32f1xx_hal_adc_ex.c...
compiling stm32f1xx_hal_adc.c...
compiling stm32f1xx_hal.c...
compiling stm32f1xx_hal_tim_ex.c...
compiling stm32f1xx_hal_tim.c...
compiling stm32f1xx_hal_rcc_ex.c...
compiling stm32f1xx_hal_rcc.c...
compiling stm32f1xx_hal_gpio.c...
compiling stm32f1xx_hal_cortex.c...
compiling stm32f1xx_hal_pwr.c...
compiling stm32f1xx_hal_dma.c...
compiling system_stm32f1xx.c...
compiling stm32f1xx_hal_flash.c...
compiling stm32f1xx_hal_flash_ex.c...
linking...
Program Size: Code=7200 RO-data=292 RW-data=132 ZI-data=1268  
FromELF: creating hex file...
"lab3\lab3.axf" - 0 Error(s), 15 Warning(s).

<h2>Software Packages used:</h2>

Package Vendor: ARM
                http://www.keil.com/pack/ARM.CMSIS.5.6.0.pack
                ARM.CMSIS.5.6.0
                CMSIS (Cortex Microcontroller Software Interface Standard)
   * Component: CORE Version: 5.3.0

Package Vendor: Keil
                http://www.keil.com/pack/Keil.STM32F1xx_DFP.2.2.0.pack
                Keil.STM32F1xx_DFP.2.2.0
                STMicroelectronics STM32F1 Series Device Support, Drivers and Examples

<h2>Collection of Component include folders:</h2>
  .\RTE\_lab3
  C:\Users\User\AppData\Local\Arm\Packs\ARM\CMSIS\5.6.0\CMSIS\Core\Include
  C:\Users\User\AppData\Local\Arm\Packs\Keil\STM32F1xx_DFP\2.2.0\Device\Include

<h2>Collection of Component Files used:</h2>

   * Component: ARM::CMSIS:CORE:5.3.0
Build Time Elapsed:  00:00:22
</pre>
</body>
</html>
